// Jest Snapshot v1, https://goo.gl/fbAQLP

exports[`testing search bar does not change 1`] = `
<DocumentFragment>
  <div
    class="MuiInputBase-root MuiInput-root MuiInputBase-colorPrimary MuiInputBase-fullWidth Mui-focused searchBar css-1s97tdc-MuiInputBase-root-MuiInput-root"
  >
    <input
      class="MuiInputBase-input MuiInput-input css-1x51dt5-MuiInputBase-input-MuiInput-input"
      placeholder="What do you want to watch?"
      type="text"
      value="some value"
    />
  </div>
</DocumentFragment>
`;
